
> skunkworks-d7b2e3ad@0.1.0 build
> next build

▲ Next.js 16.1.6 (Turbopack)

  Creating an optimized production build ...
✓ Compiled successfully in 1050.8ms
  Running TypeScript ...
  Collecting page data using 9 workers ...
Error: Missing API key. Pass it to the constructor `new Resend("re_123")`
    at new ev (.next/server/chunks/[root-of-the-server]__e058719a._.js:6:28219)
    at module evaluation (.next/server/chunks/[root-of-the-server]__e058719a._.js:6:30394)
    at instantiateModule (.next/server/chunks/[turbopack]_runtime.js:740:9)
    at instantiateRuntimeModule (.next/server/chunks/[turbopack]_runtime.js:768:12)
    at getOrInstantiateRuntimeModule (.next/server/chunks/[turbopack]_runtime.js:781:12)
    at Object.m (.next/server/chunks/[turbopack]_runtime.js:790:18)
    at Object.<anonymous> (.next/server/app/api/contact/route.js:6:3)

> Build error occurred
Error: Failed to collect page data for /api/contact
    at ignore-listed frames {
  type: 'Error'
}
